0 verbose cli /usr/bin/node /usr/bin/npm
1 info using npm@10.8.2
2 info using node@v20.20.2
3 silly config load:file:/usr/lib/node_modules/npm/npmrc
4 silly config load:file:/home/user/frontend/.npmrc
5 silly config load:file:/home/user/.npmrc
6 silly config load:file:/usr/etc/npmrc
7 verbose title npm install
8 verbose argv "install" "--loglevel" "silent"
9 verbose logfile logs-max:10 dir:/home/user/.npm/_logs/2026-09-22T19_13_37_082Z-
10 verbose logfile /home/user/.npm/_logs/2026-09-22T19_13_37_082Z-debug-0.log
11 silly packumentCache heap:998768640 maxSize:249692160 maxEntrySize:124846080
12 silly logfile done cleaning log files
13 silly idealTree buildDeps
14 silly reify moves {}
15 silly audit bulk request {
15 silly audit   '@adraffy/ens-normalize': [ '1.11.1' ],
15 silly audit   '@alloc/quick-lru': [ '5.3.0' ],
15 silly audit   '@emnapi/core': [ '1.10.0' ],
15 silly audit   '@emnapi/runtime': [ '1.11.3', '1.10.0' ],
15 silly audit   '@emnapi/wasi-threads': [ '1.2.1' ],
15 silly audit   '@eslint-community/eslint-utils': [ '4.10.1' ],
15 silly audit   '@eslint-community/regexpp': [ '4.12.2' ],
15 silly audit   '@eslint/eslintrc': [ '2.1.4' ],
15 silly audit   '@eslint/js': [ '8.57.1' ],
15 silly audit   '@humanwhocodes/config-array': [ '0.13.0' ],
15 silly audit   '@humanwhocodes/module-importer': [ '1.0.1' ],
15 silly audit   '@humanwhocodes/object-schema': [ '2.0.3' ],
15 silly audit   '@img/sharp-darwin-arm64': [ '0.33.5' ],
15 silly audit   '@img/sharp-darwin-x64': [ '0.33.5' ],
15 silly audit   '@img/sharp-libvips-darwin-arm64': [ '1.0.4' ],
15 silly audit   '@img/sharp-libvips-darwin-x64': [ '1.0.4' ],
15 silly audit   '@img/sharp-libvips-linux-arm': [ '1.0.5' ],
15 silly audit   '@img/sharp-libvips-linux-arm64': [ '1.0.4' ],
15 silly audit   '@img/sharp-libvips-linux-s390x': [ '1.0.4' ],
15 silly audit   '@img/sharp-libvips-linux-x64': [ '1.0.4' ],
15 silly audit   '@img/sharp-libvips-linuxmusl-arm64': [ '1.0.4' ],
15 silly audit   '@img/sharp-libvips-linuxmusl-x64': [ '1.0.4' ],
15 silly audit   '@img/sharp-linux-arm': [ '0.33.5' ],
15 silly audit   '@img/sharp-linux-arm64': [ '0.33.5' ],
15 silly audit   '@img/sharp-linux-s390x': [ '0.33.5' ],
15 silly audit   '@img/sharp-linux-x64': [ '0.33.5' ],
15 silly audit   '@img/sharp-linuxmusl-arm64': [ '0.33.5' ],
15 silly audit   '@img/sharp-linuxmusl-x64': [ '0.33.5' ],
15 silly audit   '@img/sharp-wasm32': [ '0.33.5' ],
15 silly audit   '@img/sharp-win32-ia32': [ '0.33.5' ],
15 silly audit   '@img/sharp-win32-x64': [ '0.33.5' ],
15 silly audit   '@jridgewell/gen-mapping': [ '0.3.13' ],
15 silly audit   '@jridgewell/resolve-uri': [ '3.1.2' ],
15 silly audit   '@jridgewell/sourcemap-codec': [ '1.6.0' ],
15 silly audit   '@jridgewell/trace-mapping': [ '0.3.31' ],
15 silly audit   '@napi-rs/wasm-runtime': [ '1.2.4' ],
15 silly audit   '@next/env': [ '15.0.3' ],
15 silly audit   '@next/eslint-plugin-next': [ '15.0.3' ],
15 silly audit   '@next/swc-darwin-arm64': [ '15.0.3' ],
15 silly audit   '@next/swc-darwin-x64': [ '15.0.3' ],
15 silly audit   '@next/swc-linux-arm64-gnu': [ '15.0.3' ],
15 silly audit   '@next/swc-linux-arm64-musl': [ '15.0.3' ],
15 silly audit   '@next/swc-linux-x64-gnu': [ '15.0.3' ],
15 silly audit   '@next/swc-linux-x64-musl': [ '15.0.3' ],
15 silly audit   '@next/swc-win32-arm64-msvc': [ '15.0.3' ],
15 silly audit   '@next/swc-win32-x64-msvc': [ '15.0.3' ],
15 silly audit   '@noble/ciphers': [ '1.3.0' ],
15 silly audit   '@noble/curves': [ '1.9.1' ],
15 silly audit   '@noble/hashes': [ '1.8.0' ],
15 silly audit   '@nodelib/fs.scandir': [ '2.1.5' ],
15 silly audit   '@nodelib/fs.stat': [ '2.0.5' ],
15 silly audit   '@nodelib/fs.walk': [ '1.2.8' ],
15 silly audit   '@nolyfill/is-core-module': [ '1.0.39' ],
15 silly audit   '@rtsao/scc': [ '1.1.0' ],
15 silly audit   '@rushstack/eslint-patch': [ '1.16.1' ],
15 silly audit   '@scure/base': [ '1.2.6' ],
15 silly audit   '@scure/bip32': [ '1.7.0' ],
15 silly audit   '@scure/bip39': [ '1.6.0' ],
15 silly audit   '@swc/counter': [ '0.1.3' ],
15 silly audit   '@swc/helpers': [ '0.5.13' ],
15 silly audit   '@tybys/wasm-util': [ '0.10.4' ],
15 silly audit   '@types/json5': [ '0.0.29' ],
15 silly audit   '@types/node': [ '20.19.43' ],
15 silly audit   '@types/prop-types': [ '15.7.15' ],
15 silly audit   '@types/react': [ '18.3.31' ],
15 silly audit   '@types/react-dom': [ '18.3.7' ],
15 silly audit   '@typescript-eslint/eslint-plugin': [ '8.70.1' ],
15 silly audit   ignore: [ '7.0.9', '5.3.2' ],
15 silly audit   '@typescript-eslint/parser': [ '8.70.1' ],
15 silly audit   '@typescript-eslint/project-service': [ '8.70.1' ],
15 silly audit   '@typescript-eslint/scope-manager': [ '8.70.1' ],
15 silly audit   '@typescript-eslint/tsconfig-utils': [ '8.70.1' ],
15 silly audit   '@typescript-eslint/type-utils': [ '8.70.1' ],
15 silly audit   '@typescript-eslint/types': [ '8.70.1' ],
15 silly audit   '@typescript-eslint/typescript-estree': [ '8.70.1' ],
15 silly audit   'balanced-match': [ '4.0.4', '1.0.2' ],
15 silly audit   'brace-expansion': [ '5.0.12', '1.1.21' ],
15 silly audit   minimatch: [ '10.2.6', '3.1.5' ],
15 silly audit   '@typescript-eslint/utils': [ '8.70.1' ],
15 silly audit   '@typescript-eslint/visitor-keys': [ '8.70.1' ],
15 silly audit   'eslint-visitor-keys': [ '5.0.1', '3.4.3' ],
15 silly audit   '@ungap/structured-clone': [ '1.4.0' ],
15 silly audit   '@unrs/resolver-binding-android-arm-eabi': [ '1.12.2' ],
15 silly audit   '@unrs/resolver-binding-android-arm64': [ '1.12.2' ],
15 silly audit   '@unrs/resolver-binding-darwin-arm64': [ '1.12.2' ],
15 silly audit   '@unrs/resolver-binding-darwin-x64': [ '1.12.2' ],
15 silly audit   '@unrs/resolver-binding-freebsd-x64': [ '1.12.2' ],
15 silly audit   '@unrs/resolver-binding-linux-arm-gnueabihf': [ '1.12.2' ],
15 silly audit   '@unrs/resolver-binding-linux-arm-musleabihf': [ '1.12.2' ],
15 silly audit   '@unrs/resolver-binding-linux-arm64-gnu': [ '1.12.2' ],
15 silly audit   '@unrs/resolver-binding-linux-arm64-musl': [ '1.12.2' ],
15 silly audit   '@unrs/resolver-binding-linux-loong64-gnu': [ '1.12.2' ],
15 silly audit   '@unrs/resolver-binding-linux-loong64-musl': [ '1.12.2' ],
15 silly audit   '@unrs/resolver-binding-linux-ppc64-gnu': [ '1.12.2' ],
15 silly audit   '@unrs/resolver-binding-linux-riscv64-gnu': [ '1.12.2' ],
15 silly audit   '@unrs/resolver-binding-linux-riscv64-musl': [ '1.12.2' ],
15 silly audit   '@unrs/resolver-binding-linux-s390x-gnu': [ '1.12.2' ],
15 silly audit   '@unrs/resolver-binding-linux-x64-gnu': [ '1.12.2' ],
15 silly audit   '@unrs/resolver-binding-linux-x64-musl': [ '1.12.2' ],
15 silly audit   '@unrs/resolver-binding-openharmony-arm64': [ '1.12.2' ],
15 silly audit   '@unrs/resolver-binding-wasm32-wasi': [ '1.12.2' ],
15 silly audit   '@unrs/resolver-binding-win32-arm64-msvc': [ '1.12.2' ],
15 silly audit   '@unrs/resolver-binding-win32-ia32-msvc': [ '1.12.2' ],
15 silly audit   '@unrs/resolver-binding-win32-x64-msvc': [ '1.12.2' ],
15 silly audit   abitype: [ '1.2.3' ],
15 silly audit   acorn: [ '8.18.0' ],
15 silly audit   'acorn-jsx': [ '5.3.2' ],
15 silly audit   ajv: [ '6.15.0' ],
15 silly audit   'ansi-regex': [ '5.0.1' ],
15 silly audit   'ansi-styles': [ '4.3.0' ],
15 silly audit   'any-promise': [ '1.3.0' ],
15 silly audit   anymatch: [ '3.1.3' ],
15 silly audit   arg: [ '5.0.2' ],
15 silly audit   argparse: [ '2.0.1' ],
15 silly audit   'aria-query': [ '5.3.2' ],
15 silly audit   'array-buffer-byte-length': [ '1.0.2' ],
15 silly audit   'array-includes': [ '3.2.0' ],
15 silly audit   'array.prototype.findlast': [ '1.2.5' ],
15 silly audit   'array.prototype.findlastindex': [ '1.2.6' ],
15 silly audit   'array.prototype.flat': [ '1.3.3' ],
15 silly audit   'array.prototype.flatmap': [ '1.3.3' ],
15 silly audit   'array.prototype.tosorted': [ '1.1.4' ],
15 silly audit   'arraybuffer.prototype.slice': [ '1.0.4' ],
15 silly audit   'ast-types-flow': [ '0.0.8' ],
15 silly audit   'async-function': [ '1.0.0' ],
15 silly audit   autoprefixer: [ '10.6.1' ],
15 silly audit   'available-typed-arrays': [ '1.0.7' ],
15 silly audit   'axe-core': [ '4.13.0' ],
15 silly audit   'axobject-query': [ '4.1.0' ],
15 silly audit   'baseline-browser-mapping': [ '2.11.25' ],
15 silly audit   'binary-extensions': [ '2.3.0' ],
15 silly audit   braces: [ '3.0.3' ],
15 silly audit   browserslist: [ '4.29.0' ],
15 silly audit   busboy: [ '1.6.0' ],
15 silly audit   'call-bind': [ '1.0.9' ],
15 silly audit   'call-bind-apply-helpers': [ '1.0.2' ],
15 silly audit   'call-bound': [ '1.0.4' ],
15 silly audit   callsites: [ '3.1.0' ],
15 silly audit   'camelcase-css': [ '2.0.1' ],
15 silly audit   'caniuse-lite': [ '1.0.30001810' ],
15 silly audit   chalk: [ '4.1.2' ],
15 silly audit   chokidar: [ '3.6.0' ],
15 silly audit   'glob-parent': [ '5.1.2', '6.0.2' ],
15 silly audit   'client-only': [ '0.0.1' ],
15 silly audit   color: [ '4.2.3' ],
15 silly audit   'color-convert': [ '2.0.1' ],
15 silly audit   'color-name': [ '1.1.4' ],
15 silly audit   'color-string': [ '1.9.1' ],
15 silly audit   commander: [ '4.1.1' ],
15 silly audit   'concat-map': [ '0.0.1' ],
15 silly audit   'cross-spawn': [ '7.0.6' ],
15 silly audit   cssesc: [ '3.0.0' ],
15 silly audit   csstype: [ '3.2.3' ],
15 silly audit   'damerau-levenshtein': [ '1.0.8' ],
15 silly audit   'data-view-buffer': [ '1.0.2' ],
15 silly audit   'data-view-byte-length': [ '1.0.2' ],
15 silly audit   'data-view-byte-offset': [ '1.0.1' ],
15 silly audit   debug: [ '4.4.3', '3.2.7' ],
15 silly audit   'deep-is': [ '0.1.4' ],
15 silly audit   'define-data-property': [ '1.1.4' ],
15 silly audit   'define-properties': [ '1.2.1' ],
15 silly audit   'detect-libc': [ '2.1.2' ],
15 silly audit   didyoumean: [ '1.2.2' ],
15 silly audit   dlv: [ '1.1.3' ],
15 silly audit   doctrine: [ '3.0.0', '2.1.0' ],
15 silly audit   'dunder-proto': [ '1.0.1' ],
15 silly audit   'electron-to-chromium': [ '1.5.434' ],
15 silly audit   'emoji-regex': [ '9.2.2' ],
15 silly audit   'es-abstract': [ '1.24.2' ],
15 silly audit   'es-abstract-get': [ '1.0.0' ],
15 silly audit   'es-define-property': [ '1.0.1' ],
15 silly audit   'es-errors': [ '1.3.0' ],
15 silly audit   'es-iterator-helpers': [ '1.4.0' ],
15 silly audit   'es-object-atoms': [ '1.1.2' ],
15 silly audit   'es-set-tostringtag': [ '2.1.0' ],
15 silly audit   'es-shim-unscopables': [ '1.1.0' ],
15 silly audit   'es-to-primitive': [ '1.3.4' ],
15 silly audit   escalade: [ '3.2.0' ],
15 silly audit   'escape-string-regexp': [ '4.0.0' ],
15 silly audit   eslint: [ '8.57.1' ],
15 silly audit   'eslint-config-next': [ '15.0.3' ],
15 silly audit   'eslint-import-resolver-node': [ '0.3.10' ],
15 silly audit   'eslint-import-resolver-typescript': [ '3.10.1' ],
15 silly audit   'eslint-module-utils': [ '2.14.0' ],
15 silly audit   'eslint-plugin-import': [ '2.32.0' ],
15 silly audit   semver: [ '6.3.1', '7.8.5' ],
15 silly audit   'eslint-plugin-jsx-a11y': [ '6.10.2' ],
15 silly audit   'eslint-plugin-react': [ '7.37.5' ],
15 silly audit   'eslint-plugin-react-hooks': [ '5.2.0' ],
15 silly audit   'eslint-scope': [ '7.2.2' ],
15 silly audit   espree: [ '9.6.1' ],
15 silly audit   esquery: [ '1.7.0' ],
15 silly audit   esrecurse: [ '4.3.0' ],
15 silly audit   estraverse: [ '5.3.0' ],
15 silly audit   esutils: [ '2.0.3' ],
15 silly audit   eventemitter3: [ '5.0.1' ],
15 silly audit   'fast-deep-equal': [ '3.1.3' ],
15 silly audit   'fast-glob': [ '3.3.1', '3.3.3' ],
15 silly audit   'fast-json-stable-stringify': [ '2.1.0' ],
15 silly audit   'fast-levenshtein': [ '2.0.6' ],
15 silly audit   fastq: [ '1.20.3' ],
15 silly audit   'file-entry-cache': [ '6.0.1' ],
15 silly audit   'fill-range': [ '7.1.1' ],
15 silly audit   'find-up': [ '5.0.0' ],
15 silly audit   'flat-cache': [ '3.2.0' ],
15 silly audit   flatted: [ '3.4.4' ],
15 silly audit   'for-each': [ '0.3.5' ],
15 silly audit   'fraction.js': [ '5.3.4' ],
15 silly audit   'fs.realpath': [ '1.0.0' ],
15 silly audit   fsevents: [ '2.3.3' ],
15 silly audit   'function-bind': [ '1.1.2' ],
15 silly audit   'function.prototype.name': [ '1.2.0' ],
15 silly audit   'functions-have-names': [ '1.2.3' ],
15 silly audit   'generator-function': [ '2.0.1' ],
15 silly audit   'genlayer-js': [ '0.1.2' ],
15 silly audit   'get-intrinsic': [ '1.3.0' ],
15 silly audit   'get-proto': [ '1.0.1' ],
15 silly audit   'get-symbol-description': [ '1.1.0' ],
15 silly audit   'get-tsconfig': [ '4.14.3' ],
15 silly audit   glob: [ '7.2.3' ],
15 silly audit   globals: [ '13.24.0' ],
15 silly audit   globalthis: [ '1.0.4' ],
15 silly audit   gopd: [ '1.2.0' ],
15 silly audit   graphemer: [ '1.4.0' ],
15 silly audit   'has-bigints': [ '1.1.0' ],
15 silly audit   'has-flag': [ '4.0.0' ],
15 silly audit   'has-property-descriptors': [ '1.0.2' ],
15 silly audit   'has-proto': [ '1.2.0' ],
15 silly audit   'has-symbols': [ '1.1.0' ],
15 silly audit   'has-tostringtag': [ '1.0.2' ],
15 silly audit   hasown: [ '2.0.4' ],
15 silly audit   'import-fresh': [ '3.3.1' ],
15 silly audit   imurmurhash: [ '0.1.4' ],
15 silly audit   inflight: [ '1.0.6' ],
15 silly audit   inherits: [ '2.0.4' ],
15 silly audit   'internal-slot': [ '1.1.0' ],
15 silly audit   'is-array-buffer': [ '3.0.5' ],
15 silly audit   'is-arrayish': [ '0.3.4' ],
15 silly audit   'is-async-function': [ '2.1.1' ],
15 silly audit   'is-bigint': [ '1.1.0' ],
15 silly audit   'is-binary-path': [ '2.1.0' ],
15 silly audit   'is-boolean-object': [ '1.2.2' ],
15 silly audit   'is-bun-module': [ '2.0.0' ],
15 silly audit   'is-callable': [ '1.2.7' ],
15 silly audit   'is-core-module': [ '2.17.0' ],
15 silly audit   'is-data-view': [ '1.0.2' ],
15 silly audit   'is-date-object': [ '1.1.0' ],
15 silly audit   'is-document.all': [ '1.0.0' ],
15 silly audit   'is-extglob': [ '2.1.1' ],
15 silly audit   'is-finalizationregistry': [ '1.1.1' ],
15 silly audit   'is-generator-function': [ '1.1.2' ],
15 silly audit   'is-glob': [ '4.0.3' ],
15 silly audit   'is-map': [ '2.0.3' ],
15 silly audit   'is-negative-zero': [ '2.0.3' ],
15 silly audit   'is-number': [ '7.0.0' ],
15 silly audit   'is-number-object': [ '1.1.1' ],
15 silly audit   'is-path-inside': [ '3.0.3' ],
15 silly audit   'is-regex': [ '1.2.1' ],
15 silly audit   'is-set': [ '2.0.3' ],
15 silly audit   'is-shared-array-buffer': [ '1.0.4' ],
15 silly audit   'is-string': [ '1.1.1' ],
15 silly audit   'is-symbol': [ '1.1.1' ],
15 silly audit   'is-typed-array': [ '1.1.15' ],
15 silly audit   'is-weakmap': [ '2.0.2' ],
15 silly audit   'is-weakref': [ '1.1.1' ],
15 silly audit   'is-weakset': [ '2.0.4' ],
15 silly audit   isarray: [ '2.0.5' ],
15 silly audit   isexe: [ '2.0.0' ],
15 silly audit   isows: [ '1.0.7' ],
15 silly audit   'iterator.prototype': [ '1.1.5' ],
15 silly audit   jiti: [ '1.21.7' ],
15 silly audit   'js-tokens': [ '4.0.0' ],
15 silly audit   'js-yaml': [ '4.3.2' ],
15 silly audit   'json-buffer': [ '3.0.1' ],
15 silly audit   'json-schema-traverse': [ '0.4.1' ],
15 silly audit   'json-stable-stringify-without-jsonify': [ '1.0.1' ],
15 silly audit   json5: [ '1.0.2' ],
15 silly audit   'jsx-ast-utils': [ '3.3.5' ],
15 silly audit   keyv: [ '4.5.4' ],
15 silly audit   'language-subtag-registry': [ '0.3.23' ],
15 silly audit   'language-tags': [ '1.0.9' ],
15 silly audit   levn: [ '0.4.1' ],
15 silly audit   lilconfig: [ '3.1.3' ],
15 silly audit   'lines-and-columns': [ '1.2.4' ],
15 silly audit   'locate-path': [ '6.0.0' ],
15 silly audit   'lodash.merge': [ '4.6.2' ],
15 silly audit   'loose-envify': [ '1.4.0' ],
15 silly audit   'math-intrinsics': [ '1.1.0' ],
15 silly audit   merge2: [ '1.4.1' ],
15 silly audit   micromatch: [ '4.0.8' ],
15 silly audit   minimist: [ '1.2.8' ],
15 silly audit   ms: [ '2.1.3' ],
15 silly audit   mz: [ '2.7.0' ],
15 silly audit   nanoid: [ '3.3.19' ],
15 silly audit   'napi-postinstall': [ '0.3.4' ],
15 silly audit   'natural-compare': [ '1.4.0' ],
15 silly audit   next: [ '15.0.3' ],
15 silly audit   postcss: [ '8.4.31', '8.5.28' ],
15 silly audit   'node-exports-info': [ '1.6.2' ],
15 silly audit   'node-releases': [ '2.0.56' ],
15 silly audit   'normalize-path': [ '3.0.0' ],
15 silly audit   'object-assign': [ '4.1.1' ],
15 silly audit   'object-hash': [ '3.0.0' ],
15 silly audit   'object-inspect': [ '1.13.4' ],
15 silly audit   'object-keys': [ '1.1.1' ],
15 silly audit   'object.assign': [ '4.1.7' ],
15 silly audit   'object.entries': [ '1.1.9' ],
15 silly audit   'object.fromentries': [ '2.0.8' ],
15 silly audit   'object.groupby': [ '1.0.3' ],
15 silly audit   'object.values': [ '1.2.1' ],
15 silly audit   once: [ '1.4.0' ],
15 silly audit   optionator: [ '0.9.4' ],
15 silly audit   'own-keys': [ '1.0.2' ],
15 silly audit   ox: [ '0.14.45' ],
15 silly audit   'p-limit': [ '3.1.0' ],
15 silly audit   'p-locate': [ '5.0.0' ],
15 silly audit   'parent-module': [ '1.0.1' ],
15 silly audit   'path-exists': [ '4.0.0' ],
15 silly audit   'path-is-absolute': [ '1.0.1' ],
15 silly audit   'path-key': [ '3.1.1' ],
15 silly audit   'path-parse': [ '1.0.7' ],
15 silly audit   picocolors: [ '1.1.1' ],
15 silly audit   picomatch: [ '2.3.2', '4.0.7' ],
15 silly audit   pirates: [ '4.0.7' ],
15 silly audit   'possible-typed-array-names': [ '1.1.0' ],
15 silly audit   'postcss-import': [ '15.1.0' ],
15 silly audit   resolve: [ '1.22.12', '2.0.0-next.7' ],
15 silly audit   'postcss-js': [ '4.1.0' ],
15 silly audit   'postcss-load-config': [ '6.0.1' ],
15 silly audit   'postcss-nested': [ '6.2.0' ],
15 silly audit   'postcss-selector-parser': [ '6.1.4' ],
15 silly audit   'postcss-value-parser': [ '4.2.0' ],
15 silly audit   'prelude-ls': [ '1.2.1' ],
15 silly audit   'prop-types': [ '15.8.1' ],
15 silly audit   punycode: [ '2.3.1' ],
15 silly audit   'queue-microtask': [ '1.2.3' ],
15 silly audit   react: [ '18.3.1' ],
15 silly audit   'react-dom': [ '18.3.1' ],
15 silly audit   'react-is': [ '16.13.1' ],
15 silly audit   'read-cache': [ '1.0.2' ],
15 silly audit   readdirp: [ '3.6.0' ],
15 silly audit   'reflect.getprototypeof': [ '1.0.10' ],
15 silly audit   'regexp.prototype.flags': [ '1.5.4' ],
15 silly audit   'resolve-from': [ '4.0.0' ],
15 silly audit   'resolve-pkg-maps': [ '1.0.0' ],
15 silly audit   reusify: [ '1.1.0' ],
15 silly audit   rimraf: [ '3.0.2' ],
15 silly audit   'run-parallel': [ '1.2.0' ],
15 silly audit   'safe-array-concat': [ '1.1.4' ],
15 silly audit   'safe-push-apply': [ '1.0.0' ],
15 silly audit   'safe-regex-test': [ '1.1.0' ],
15 silly audit   scheduler: [ '0.23.2' ],
15 silly audit   'set-function-length': [ '1.2.2' ],
15 silly audit   'set-function-name': [ '2.0.2' ],
15 silly audit   'set-proto': [ '1.0.0' ],
15 silly audit   sharp: [ '0.33.5' ],
15 silly audit   'shebang-command': [ '2.0.0' ],
15 silly audit   'shebang-regex': [ '3.0.0' ],
15 silly audit   'side-channel': [ '1.1.1' ],
15 silly audit   'side-channel-list': [ '1.0.1' ],
15 silly audit   'side-channel-map': [ '1.0.1' ],
15 silly audit   'side-channel-weakmap': [ '1.0.2' ],
15 silly audit   'simple-swizzle': [ '0.2.4' ],
15 silly audit   'source-map-js': [ '1.2.1' ],
15 silly audit   'stable-hash': [ '0.0.5' ],
15 silly audit   'stop-iteration-iterator': [ '1.1.0' ],
15 silly audit   streamsearch: [ '1.1.0' ],
15 silly audit   'string.prototype.includes': [ '2.0.1' ],
15 silly audit   'string.prototype.matchall': [ '4.1.0' ],
15 silly audit   'string.prototype.repeat': [ '1.0.0' ],
15 silly audit   'string.prototype.trim': [ '1.2.11' ],
15 silly audit   'string.prototype.trimend': [ '1.0.10' ],
15 silly audit   'string.prototype.trimstart': [ '1.0.8' ],
15 silly audit   'strip-ansi': [ '6.0.1' ],
15 silly audit   'strip-bom': [ '3.0.0' ],
15 silly audit   'strip-json-comments': [ '3.1.1' ],
15 silly audit   'styled-jsx': [ '5.1.6' ],
15 silly audit   sucrase: [ '3.35.1' ],
15 silly audit   'supports-color': [ '7.2.0' ],
15 silly audit   'supports-preserve-symlinks-flag': [ '1.0.0' ],
15 silly audit   tailwindcss: [ '3.4.19' ],
15 silly audit   'text-table': [ '0.2.0' ],
15 silly audit   thenify: [ '3.3.1' ],
15 silly audit   'thenify-all': [ '1.6.0' ],
15 silly audit   tinyglobby: [ '0.2.17' ],
15 silly audit   fdir: [ '6.5.0' ],
15 silly audit   'to-regex-range': [ '5.0.1' ],
15 silly audit   'ts-api-utils': [ '2.5.0' ],
15 silly audit   'ts-interface-checker': [ '0.1.13' ],
15 silly audit   'tsconfig-paths': [ '3.15.0' ],
15 silly audit   tslib: [ '2.8.1' ],
15 silly audit   'type-check': [ '0.4.0' ],
15 silly audit   'type-fest': [ '0.20.2' ],
15 silly audit   'typed-array-buffer': [ '1.0.3' ],
15 silly audit   'typed-array-byte-length': [ '1.0.3' ],
15 silly audit   'typed-array-byte-offset': [ '1.0.5' ],
15 silly audit   'typed-array-length': [ '1.0.8' ],
15 silly audit   typescript: [ '5.9.3' ],
15 silly audit   'unbox-primitive': [ '1.1.0' ],
15 silly audit   'undici-types': [ '6.21.0' ],
15 silly audit   'unrs-resolver': [ '1.12.2' ],
15 silly audit   'update-browserslist-db': [ '1.3.3' ],
15 silly audit   'uri-js': [ '4.4.1' ],
15 silly audit   'util-deprecate': [ '1.0.2' ],
15 silly audit   viem: [ '2.56.8' ],
15 silly audit   which: [ '2.0.2' ],
15 silly audit   'which-boxed-primitive': [ '1.1.1' ],
15 silly audit   'which-builtin-type': [ '1.2.1' ],
15 silly audit   'which-collection': [ '1.0.2' ],
15 silly audit   'which-typed-array': [ '1.1.24' ],
15 silly audit   'word-wrap': [ '1.2.5' ],
15 silly audit   wrappy: [ '1.0.2' ],
15 silly audit   ws: [ '8.21.0' ],
15 silly audit   'yocto-queue': [ '0.1.0' ]
15 silly audit }
16 verbose reify failed optional dependency /home/user/frontend/node_modules/fsevents
17 silly reify mark deleted [ '/home/user/frontend/node_modules/fsevents' ]
18 verbose reify failed optional dependency /home/user/frontend/node_modules/@unrs/resolver-binding-win32-x64-msvc
19 silly reify mark deleted [
19 silly reify   '/home/user/frontend/node_modules/@unrs/resolver-binding-win32-x64-msvc'
19 silly reify ]
20 verbose reify failed optional dependency /home/user/frontend/node_modules/@unrs/resolver-binding-win32-ia32-msvc
21 silly reify mark deleted [
21 silly reify   '/home/user/frontend/node_modules/@unrs/resolver-binding-win32-ia32-msvc'
21 silly reify ]
22 verbose reify failed optional dependency /home/user/frontend/node_modules/@unrs/resolver-binding-win32-arm64-msvc
23 silly reify mark deleted [
23 silly reify   '/home/user/frontend/node_modules/@unrs/resolver-binding-win32-arm64-msvc'
23 silly reify ]
24 verbose reify failed optional dependency /home/user/frontend/node_modules/@unrs/resolver-binding-wasm32-wasi
25 silly reify mark deleted [
25 silly reify   '/home/user/frontend/node_modules/@unrs/resolver-binding-wasm32-wasi'
25 silly reify ]
26 verbose reify failed optional dependency /home/user/frontend/node_modules/@emnapi/core
27 silly reify mark deleted [ '/home/user/frontend/node_modules/@emnapi/core' ]
28 verbose reify failed optional dependency /home/user/frontend/node_modules/@unrs/resolver-binding-wasm32-wasi/node_modules/@emnapi/runtime
29 silly reify mark deleted [
29 silly reify   '/home/user/frontend/node_modules/@unrs/resolver-binding-wasm32-wasi/node_modules/@emnapi/runtime'
29 silly reify ]
30 verbose reify failed optional dependency /home/user/frontend/node_modules/@napi-rs/wasm-runtime
31 silly reify mark deleted [ '/home/user/frontend/node_modules/@napi-rs/wasm-runtime' ]
32 verbose reify failed optional dependency /home/user/frontend/node_modules/@emnapi/wasi-threads
33 silly reify mark deleted [ '/home/user/frontend/node_modules/@emnapi/wasi-threads' ]
34 verbose reify failed optional dependency /home/user/frontend/node_modules/@tybys/wasm-util
35 silly reify mark deleted [ '/home/user/frontend/node_modules/@tybys/wasm-util' ]
36 verbose reify failed optional dependency /home/user/frontend/node_modules/@unrs/resolver-binding-openharmony-arm64
37 silly reify mark deleted [
37 silly reify   '/home/user/frontend/node_modules/@unrs/resolver-binding-openharmony-arm64'
37 silly reify ]
38 verbose reify failed optional dependency /home/user/frontend/node_modules/@unrs/resolver-binding-linux-s390x-gnu
39 silly reify mark deleted [
39 silly reify   '/home/user/frontend/node_modules/@unrs/resolver-binding-linux-s390x-gnu'
39 silly reify ]
40 verbose reify failed optional dependency /home/user/frontend/node_modules/@unrs/resolver-binding-linux-riscv64-musl
41 silly reify mark deleted [
41 silly reify   '/home/user/frontend/node_modules/@unrs/resolver-binding-linux-riscv64-musl'
41 silly reify ]
42 verbose reify failed optional dependency /home/user/frontend/node_modules/@unrs/resolver-binding-linux-riscv64-gnu
43 silly reify mark deleted [
43 silly reify   '/home/user/frontend/node_modules/@unrs/resolver-binding-linux-riscv64-gnu'
43 silly reify ]
44 verbose reify failed optional dependency /home/user/frontend/node_modules/@unrs/resolver-binding-linux-ppc64-gnu
45 silly reify mark deleted [
45 silly reify   '/home/user/frontend/node_modules/@unrs/resolver-binding-linux-ppc64-gnu'
45 silly reify ]
46 verbose reify failed optional dependency /home/user/frontend/node_modules/@unrs/resolver-binding-linux-loong64-musl
47 silly reify mark deleted [
47 silly reify   '/home/user/frontend/node_modules/@unrs/resolver-binding-linux-loong64-musl'
47 silly reify ]
48 verbose reify failed optional dependency /home/user/frontend/node_modules/@unrs/resolver-binding-linux-loong64-gnu
49 silly reify mark deleted [
49 silly reify   '/home/user/frontend/node_modules/@unrs/resolver-binding-linux-loong64-gnu'
49 silly reify ]
50 verbose reify failed optional dependency /home/user/frontend/node_modules/@unrs/resolver-binding-linux-arm64-musl
51 silly reify mark deleted [
51 silly reify   '/home/user/frontend/node_modules/@unrs/resolver-binding-linux-arm64-musl'
51 silly reify ]
52 verbose reify failed optional dependency /home/user/frontend/node_modules/@unrs/resolver-binding-linux-arm64-gnu
53 silly reify mark deleted [
53 silly reify   '/home/user/frontend/node_modules/@unrs/resolver-binding-linux-arm64-gnu'
53 silly reify ]
54 verbose reify failed optional dependency /home/user/frontend/node_modules/@unrs/resolver-binding-linux-arm-musleabihf
55 silly reify mark deleted [
55 silly reify   '/home/user/frontend/node_modules/@unrs/resolver-binding-linux-arm-musleabihf'
55 silly reify ]
56 verbose reify failed optional dependency /home/user/frontend/node_modules/@unrs/resolver-binding-linux-arm-gnueabihf
57 silly reify mark deleted [
57 silly reify   '/home/user/frontend/node_modules/@unrs/resolver-binding-linux-arm-gnueabihf'
57 silly reify ]
58 verbose reify failed optional dependency /home/user/frontend/node_modules/@unrs/resolver-binding-freebsd-x64
59 silly reify mark deleted [
59 silly reify   '/home/user/frontend/node_modules/@unrs/resolver-binding-freebsd-x64'
59 silly reify ]
60 verbose reify failed optional dependency /home/user/frontend/node_modules/@unrs/resolver-binding-darwin-x64
61 silly reify mark deleted [
61 silly reify   '/home/user/frontend/node_modules/@unrs/resolver-binding-darwin-x64'
61 silly reify ]
62 verbose reify failed optional dependency /home/user/frontend/node_modules/@unrs/resolver-binding-darwin-arm64
63 silly reify mark deleted [
63 silly reify   '/home/user/frontend/node_modules/@unrs/resolver-binding-darwin-arm64'
63 silly reify ]
64 verbose reify failed optional dependency /home/user/frontend/node_modules/@unrs/resolver-binding-android-arm64
65 silly reify mark deleted [
65 silly reify   '/home/user/frontend/node_modules/@unrs/resolver-binding-android-arm64'
65 silly reify ]
66 verbose reify failed optional dependency /home/user/frontend/node_modules/@unrs/resolver-binding-android-arm-eabi
67 silly reify mark deleted [
67 silly reify   '/home/user/frontend/node_modules/@unrs/resolver-binding-android-arm-eabi'
67 silly reify ]
68 verbose reify failed optional dependency /home/user/frontend/node_modules/@next/swc-win32-x64-msvc
69 silly reify mark deleted [ '/home/user/frontend/node_modules/@next/swc-win32-x64-msvc' ]
70 verbose reify failed optional dependency /home/user/frontend/node_modules/@next/swc-win32-arm64-msvc
71 silly reify mark deleted [ '/home/user/frontend/node_modules/@next/swc-win32-arm64-msvc' ]
72 verbose reify failed optional dependency /home/user/frontend/node_modules/@next/swc-linux-arm64-musl
73 silly reify mark deleted [ '/home/user/frontend/node_modules/@next/swc-linux-arm64-musl' ]
74 verbose reify failed optional dependency /home/user/frontend/node_modules/@next/swc-linux-arm64-gnu
75 silly reify mark deleted [ '/home/user/frontend/node_modules/@next/swc-linux-arm64-gnu' ]
76 verbose reify failed optional dependency /home/user/frontend/node_modules/@next/swc-darwin-x64
77 silly reify mark deleted [ '/home/user/frontend/node_modules/@next/swc-darwin-x64' ]
78 verbose reify failed optional dependency /home/user/frontend/node_modules/@next/swc-darwin-arm64
79 silly reify mark deleted [ '/home/user/frontend/node_modules/@next/swc-darwin-arm64' ]
80 verbose reify failed optional dependency /home/user/frontend/node_modules/@img/sharp-win32-x64
81 silly reify mark deleted [ '/home/user/frontend/node_modules/@img/sharp-win32-x64' ]
82 verbose reify failed optional dependency /home/user/frontend/node_modules/@img/sharp-win32-ia32
83 silly reify mark deleted [ '/home/user/frontend/node_modules/@img/sharp-win32-ia32' ]
84 verbose reify failed optional dependency /home/user/frontend/node_modules/@img/sharp-wasm32
85 silly reify mark deleted [ '/home/user/frontend/node_modules/@img/sharp-wasm32' ]
86 verbose reify failed optional dependency /home/user/frontend/node_modules/@img/sharp-linuxmusl-arm64
87 silly reify mark deleted [ '/home/user/frontend/node_modules/@img/sharp-linuxmusl-arm64' ]
88 verbose reify failed optional dependency /home/user/frontend/node_modules/@img/sharp-linux-s390x
89 silly reify mark deleted [ '/home/user/frontend/node_modules/@img/sharp-linux-s390x' ]
90 verbose reify failed optional dependency /home/user/frontend/node_modules/@img/sharp-linux-arm64
91 silly reify mark deleted [ '/home/user/frontend/node_modules/@img/sharp-linux-arm64' ]
92 verbose reify failed optional dependency /home/user/frontend/node_modules/@img/sharp-linux-arm
93 silly reify mark deleted [ '/home/user/frontend/node_modules/@img/sharp-linux-arm' ]
94 verbose reify failed optional dependency /home/user/frontend/node_modules/@img/sharp-libvips-linuxmusl-arm64
95 silly reify mark deleted [
95 silly reify   '/home/user/frontend/node_modules/@img/sharp-libvips-linuxmusl-arm64'
95 silly reify ]
96 verbose reify failed optional dependency /home/user/frontend/node_modules/@img/sharp-libvips-linux-s390x
97 silly reify mark deleted [ '/home/user/frontend/node_modules/@img/sharp-libvips-linux-s390x' ]
98 verbose reify failed optional dependency /home/user/frontend/node_modules/@img/sharp-libvips-linux-arm64
99 silly reify mark deleted [ '/home/user/frontend/node_modules/@img/sharp-libvips-linux-arm64' ]
100 verbose reify failed optional dependency /home/user/frontend/node_modules/@img/sharp-libvips-linux-arm
101 silly reify mark deleted [ '/home/user/frontend/node_modules/@img/sharp-libvips-linux-arm' ]
102 verbose reify failed optional dependency /home/user/frontend/node_modules/@img/sharp-libvips-darwin-x64
103 silly reify mark deleted [ '/home/user/frontend/node_modules/@img/sharp-libvips-darwin-x64' ]
104 verbose reify failed optional dependency /home/user/frontend/node_modules/@img/sharp-libvips-darwin-arm64
105 silly reify mark deleted [ '/home/user/frontend/node_modules/@img/sharp-libvips-darwin-arm64' ]
106 verbose reify failed optional dependency /home/user/frontend/node_modules/@img/sharp-darwin-x64
107 silly reify mark deleted [ '/home/user/frontend/node_modules/@img/sharp-darwin-x64' ]
108 verbose reify failed optional dependency /home/user/frontend/node_modules/@img/sharp-darwin-arm64
109 silly reify mark deleted [ '/home/user/frontend/node_modules/@img/sharp-darwin-arm64' ]
110 http fetch POST 200 https://registry.npmjs.org/-/npm/v1/security/advisories/bulk 194ms
111 silly audit report {
111 silly audit report   next: [
111 silly audit report     {
111 silly audit report       id: 1117931,
111 silly audit report       url: 'https://github.com/advisories/GHSA-8h8q-6873-q5fj',
111 silly audit report       title: 'Next.js Vulnerable to Denial of Service with Server Components',
111 silly audit report       severity: 'high',
111 silly audit report       vulnerable_versions: '>=13.0.0 <15.5.16',
111 silly audit report       cwe: [Array],
111 silly audit report       cvss: [Object]
111 silly audit report     },
111 silly audit report     {
111 silly audit report       id: 1101437,
111 silly audit report       url: 'https://github.com/advisories/GHSA-7m27-7ghc-44w9',
111 silly audit report       title: 'Next.js Allows a Denial of Service (DoS) with Server Actions',
111 silly audit report       severity: 'moderate',
111 silly audit report       vulnerable_versions: '>=15.0.0 <15.1.2',
111 silly audit report       cwe: [Array],
111 silly audit report       cvss: [Object]
111 silly audit report     },
111 silly audit report     {
111 silly audit report       id: 1105462,
111 silly audit report       url: 'https://github.com/advisories/GHSA-3h52-269p-cp9r',
111 silly audit report       title: 'Information exposure in Next.js dev server due to lack of origin verification',
111 silly audit report       severity: 'low',
111 silly audit report       vulnerable_versions: '>=15.0.0 <15.2.2',
111 silly audit report       cwe: [Array],
111 silly audit report       cvss: [Object]
111 silly audit report     },
111 silly audit report     {
111 silly audit report       id: 1111372,
111 silly audit report       url: 'https://github.com/advisories/GHSA-9qr9-h5gf-34mp',
111 silly audit report       title: 'Next.js is vulnerable to RCE in React flight protocol',
111 silly audit report       severity: 'critical',
111 silly audit report       vulnerable_versions: '>=14.3.0-canary.77 <15.0.5',
111 silly audit report       cwe: [Array],
111 silly audit report       cvss: [Object]
111 silly audit report     },
111 silly audit report     {
111 silly audit report       id: 1111381,
111 silly audit report       url: 'https://github.com/advisories/GHSA-w37m-7fhw-fmv9',
111 silly audit report       title: 'Next Server Actions Source Code Exposure ',
111 silly audit report       severity: 'moderate',
111 silly audit report       vulnerable_versions: '>=15.0.0-canary.0 <15.0.6',
111 silly audit report       cwe: [Array],
111 silly audit report       cvss: [Object]
111 silly audit report     },
111 silly audit report     {
111 silly audit report       id: 1111390,
111 silly audit report       url: 'https://github.com/advisories/GHSA-mwv6-3258-q52c',
111 silly audit report       title: 'Next Vulnerable to Denial of Service with Server Components',
111 silly audit report       severity: 'high',
111 silly audit report       vulnerable_versions: '>=15.0.0-canary.0 <15.0.6',
111 silly audit report       cwe: [Array],
111 silly audit report       cvss: [Object]
111 silly audit report     },
111 silly audit report     {
111 silly audit report       id: 1107228,
111 silly audit report       url: 'https://github.com/advisories/GHSA-g5qg-72qw-gw5v',
111 silly audit report       title: 'Next.js Affected by Cache Key Confusion for Image Optimization API Routes',
111 silly audit report       severity: 'moderate',
111 silly audit report       vulnerable_versions: '>=15.0.0 <=15.4.4',
111 silly audit report       cwe: [Array],
111 silly audit report       cvss: [Object]
111 silly audit report     },
111 silly audit report     {
111 silly audit report       id: 1107514,
111 silly audit report       url: 'https://github.com/advisories/GHSA-xv57-4mr9-wg8v',
111 silly audit report       title: 'Next.js Content Injection Vulnerability for Image Optimization',
111 silly audit report       severity: 'moderate',
111 silly audit report       vulnerable_versions: '>=15.0.0 <=15.4.4',
111 silly audit report       cwe: [Array],
111 silly audit report       cvss: [Object]
111 silly audit report     },
111 silly audit report     {
111 silly audit report       id: 1107515,
111 silly audit report       url: 'https://github.com/advisories/GHSA-4342-x723-ch2f',
111 silly audit report       title: 'Next.js Improper Middleware Redirect Handling Leads to SSRF',
111 silly audit report       severity: 'moderate',
111 silly audit report       vulnerable_versions: '>=15.0.0-canary.0 <15.4.7',
111 silly audit report       cwe: [Array],
111 silly audit report       cvss: [Object]
111 silly audit report     },
111 silly audit report     {
111 silly audit report       id: 1108410,
111 silly audit report       url: 'https://github.com/advisories/GHSA-qpjv-v59x-3qc4',
111 silly audit report       title: 'Next.js Race Condition to Cache Poisoning',
111 silly audit report       severity: 'low',
111 silly audit report       vulnerable_versions: '>=15.0.0 <15.1.6',
111 silly audit report       cwe: [Array],
111 silly audit report       cvss: [Object]
111 silly audit report     },
111 silly audit report     {
111 silly audit report       id: 1118942,
111 silly audit report       url: 'https://github.com/advisories/GHSA-3g8h-86w9-wvmq',
111 silly audit report       title: "Next.js's Middleware / Proxy redirects can be cache-poisoned",
111 silly audit report       severity: 'low',
111 silly audit report       vulnerable_versions: '>=12.2.0 <15.5.16',
111 silly audit report       cwe: [Array],
111 silly audit report       cvss: [Object]
111 silly audit report     },
111 silly audit report     {
111 silly audit report       id: 1118944,
111 silly audit report       url: 'https://github.com/advisories/GHSA-ffhc-5mcf-pf4q',
111 silly audit report       title: 'Next.js vulnerable to cross-site scripting in App Router applications using CSP nonces',
111 silly audit report       severity: 'moderate',
111 silly audit report       vulnerable_versions: '>=13.4.0 <15.5.16',
111 silly audit report       cwe: [Array],
111 silly audit report       cvss: [Object]
111 silly audit report     },
111 silly audit report     {
111 silly audit report       id: 1118946,
111 silly audit report       url: 'https://github.com/advisories/GHSA-vfv6-92ff-j949',
111 silly audit report       title: 'Next.js vulnerable to cache poisoning via collisions in React Server Component cache-busting',
111 silly audit report       severity: 'low',
111 silly audit report       vulnerable_versions: '>=13.4.6 <15.5.16',
111 silly audit report       cwe: [Array],
111 silly audit report       cvss: [Object]
111 silly audit report     },
111 silly audit report     {
111 silly audit report       id: 1118948,
111 silly audit report       url: 'https://github.com/advisories/GHSA-gx5p-jg67-6x7h',
111 silly audit report       title: 'Next.js has cross-site scripting in beforeInteractive scripts with untrusted input',
111 silly audit report       severity: 'moderate',
111 silly audit report       vulnerable_versions: '>=13.0.0 <15.5.16',
111 silly audit report       cwe: [Array],
111 silly audit report       cvss: [Object]
111 silly audit report     },
111 silly audit report     {
111 silly audit report       id: 1118950,
111 silly audit report       url: 'https://github.com/advisories/GHSA-mg66-mrh9-m8jx',
111 silly audit report       title: 'Next.js vulnerable to Denial of Service via connection exhaustion in applications using Cache Components',
111 silly audit report       severity: 'high',
111 silly audit report       vulnerable_versions: '>=15.0.0 <15.5.16',
111 silly audit report       cwe: [Array],
111 silly audit report       cvss: [Object]
111 silly audit report     },
111 silly audit report     {
111 silly audit report       id: 1118952,
111 silly audit report       url: 'https://github.com/advisories/GHSA-h64f-5h5j-jqjh',
111 silly audit report       title: 'Next.js has a Denial of Service in the Image Optimization API',
111 silly audit report       severity: 'moderate',
111 silly audit report       vulnerable_versions: '>=10.0.0 <15.5.16',
111 silly audit report       cwe: [Array],
111 silly audit report       cvss: [Object]
111 silly audit report     },
111 silly audit report     {
111 silly audit report       id: 1118954,
111 silly audit report       url: 'https://github.com/advisories/GHSA-c4j6-fc7j-m34r',
111 silly audit report       title: 'Next.js vulnerable to server-side request forgery in applications using WebSocket upgrades',
111 silly audit report       severity: 'high',
111 silly audit report       vulnerable_versions: '>=13.4.13 <15.5.16',
111 silly audit report       cwe: [Array],
111 silly audit report       cvss: [Object]
111 silly audit report     },
111 silly audit report     {
111 silly audit report       id: 1118958,
111 silly audit report       url: 'https://github.com/advisories/GHSA-wfc6-r584-vfw7',
111 silly audit report       title: 'Next.js vulnerable to cache poisoning in React Server Component responses',
111 silly audit report       severity: 'moderate',
111 silly audit report       vulnerable_versions: '>=14.2.0 <15.5.16',
111 silly audit report       cwe: [Array],
111 silly audit report       cvss: [Object]
111 silly audit report     },
111 silly audit report     {
111 silly audit report       id: 1118962,
111 silly audit report       url: 'https://github.com/advisories/GHSA-36qx-fr4f-26g5',
111 silly audit report       title: 'Next.js has a Middleware / Proxy bypass in Pages Router applications using i18n',
111 silly audit report       severity: 'high',
111 silly audit report       vulnerable_versions: '>=12.2.0 <15.5.16',
111 silly audit report       cwe: [Array],
111 silly audit report       cvss: [Object]
111 silly audit report     },
111 silly audit report     {
111 silly audit report       id: 1112593,
111 silly audit report       url: 'https://github.com/advisories/GHSA-9g9p-9gw9-jx7f',
111 silly audit report       title: 'Next.js self-hosted applications vulnerable to DoS via Image Optimizer remotePatterns configuration',
111 silly audit report       severity: 'moderate',
111 silly audit report       vulnerable_versions: '>=10.0.0 <15.5.10',
111 silly audit report       cwe: [Array],
111 silly audit report       cvss: [Object]
111 silly audit report     },
111 silly audit report     {
111 silly audit report       id: 1112653,
111 silly audit report       url: 'https://github.com/advisories/GHSA-h25m-26qc-wcjf',
111 silly audit report       title: 'Next.js HTTP request deserialization can lead to DoS when using insecure React Server Components',
111 silly audit report       severity: 'high',
111 silly audit report       vulnerable_versions: '>=13.0.0 <15.0.8',
111 silly audit report       cwe: [Array],
111 silly audit report       cvss: [Object]
111 silly audit report     },
111 silly audit report     {
111 silly audit report       id: 1113688,
111 silly audit report       url: 'https://github.com/advisories/GHSA-f82v-jwr5-mffw',
111 silly audit report       title: 'Authorization Bypass in Next.js Middleware',
111 silly audit report       severity: 'critical',
111 silly audit report       vulnerable_versions: '>=15.0.0 <15.2.3',
111 silly audit report       cwe: [Array],
111 silly audit report       cvss: [Object]
111 silly audit report     },
111 silly audit report     {
111 silly audit report       id: 1114897,
111 silly audit report       url: 'https://github.com/advisories/GHSA-ggv3-7p47-pfv8',
111 silly audit report       title: 'Next.js: HTTP request smuggling in rewrites',
111 silly audit report       severity: 'moderate',
111 silly audit report       vulnerable_versions: '>=9.5.0 <15.5.13',
111 silly audit report       cwe: [Array],
111 silly audit report       cvss: [Object]
111 silly audit report     },
111 silly audit report     {
111 silly audit report       id: 1114940,
111 silly audit report       url: 'https://github.com/advisories/GHSA-3x4c-7xq6-9pq8',
111 silly audit report       title: 'Next.js: Unbounded next/image disk cache growth can exhaust storage',
111 silly audit report       severity: 'moderate',
111 silly audit report       vulnerable_versions: '>=10.0.0 <15.5.14',
111 silly audit report       cwe: [Array],
111 silly audit report       cvss: [Object]
111 silly audit report     },
111 silly audit report     {
111 silly audit report       id: 1116376,
111 silly audit report       url: 'https://github.com/advisories/GHSA-q4gf-8mx6-v5v3',
111 silly audit report       title: 'Next.js has a Denial of Service with Server Components',
111 silly audit report       severity: 'high',
111 silly audit report       vulnerable_versions: '>=13.0.0 <15.5.15',
111 silly audit report       cwe: [Array],
111 silly audit report       cvss: [Object]
111 silly audit report     },
111 silly audit report     {
111 silly audit report       id: 1124185,
111 silly audit report       url: 'https://github.com/advisories/GHSA-89xv-2m56-2m9x',
111 silly audit report       title: 'Next.js: Server-Side Request Forgery in Server Actions on custom servers',
111 silly audit report       severity: 'high',
111 silly audit report       vulnerable_versions: '>=14.1.1 <15.5.21',
111 silly audit report       cwe: [Array],
111 silly audit report       cvss: [Object]
111 silly audit report     },
111 silly audit report     {
111 silly audit report       id: 1124172,
111 silly audit report       url: 'https://github.com/advisories/GHSA-m99w-x7hq-7vfj',
111 silly audit report       title: 'Next.js: Denial of Service in App Router using Server Actions',
111 silly audit report       severity: 'high',
111 silly audit report       vulnerable_versions: '>=13.0.0 <15.5.21',
111 silly audit report       cwe: [Array],
111 silly audit report       cvss: [Object]
111 silly audit report     },
111 silly audit report     {
111 silly audit report       id: 1124187,
111 silly audit report       url: 'https://github.com/advisories/GHSA-68g3-v927-f742',
111 silly audit report       title: 'Next.js: Cache confusion of response bodies for requests with bodies',
111 silly audit report       severity: 'moderate',
111 silly audit report       vulnerable_versions: '>=13.0.0 <15.5.21',
111 silly audit report       cwe: [Array],
111 silly audit report       cvss: [Object]
111 silly audit report     },
111 silly audit report     {
111 silly audit report       id: 1124189,
111 silly audit report       url: 'https://github.com/advisories/GHSA-4633-3j49-mh5q',
111 silly audit report       title: 'Next.js: Cache confusion of response bodies for requests with bodies containing invalid UTF-8 byte sequences',
111 silly audit report       severity: 'moderate',
111 silly audit report       vulnerable_versions: '>=13.0.0 <15.5.21',
111 silly audit report       cwe: [Array],
111 silly audit report       cvss: [Object]
111 silly audit report     },
111 silly audit report     {
111 silly audit report       id: 1124191,
111 silly audit report       url: 'https://github.com/advisories/GHSA-4c39-4ccg-62r3',
111 silly audit report       title: 'Next.js: Unbounded Server Action payload in Edge runtime',
111 silly audit report       severity: 'moderate',
111 silly audit report       vulnerable_versions: '>=13.0.0 <15.5.21',
111 silly audit report       cwe: [Array],
111 silly audit report       cvss: [Object]
111 silly audit report     },
111 silly audit report     {
111 silly audit report       id: 1124193,
111 silly audit report       url: 'https://github.com/advisories/GHSA-p9j2-gv94-2wf4',
111 silly audit report       title: 'Next.js: Server-Side Request Forgery in rewrites via attacker-controlled destination hostname',
111 silly audit report       severity: 'high',
111 silly audit report       vulnerable_versions: '>=12.0.0 <15.5.21',
111 silly audit report       cwe: [Array],
111 silly audit report       cvss: [Object]
111 silly audit report     },
111 silly audit report     {
111 silly audit report       id: 1124197,
111 silly audit report       url: 'https://github.com/advisories/GHSA-955p-x3mx-jcvp',
111 silly audit report       title: 'Next.js: Unauthenticated disclosure of internal Server Function endpoints',
111 silly audit report       severity: 'moderate',
111 silly audit report       vulnerable_versions: '>=13.0.0 <15.5.21',
111 silly audit report       cwe: [Array],
111 silly audit report       cvss: [Object]
111 silly audit report     },
111 silly audit report     {
111 silly audit report       id: 1193677,
111 silly audit report       url: 'https://github.com/advisories/GHSA-p293-qw3h-jr36',
111 silly audit report       title: 'Next.js: Unauthenticated Remote Code Execution on windows-hosted servers',
111 silly audit report       severity: 'critical',
111 silly audit report       vulnerable_versions: '>=13.4.0 <15.5.24',
111 silly audit report       cwe: [Array],
111 silly audit report       cvss: [Object]
111 silly audit report     },
111 silly audit report     {
111 silly audit report       id: 1193733,
111 silly audit report       url: 'https://github.com/advisories/GHSA-2xp9-vwfh-vxw4',
111 silly audit report       title: 'Next.js: Unauthenticated Remote Code Execution in Image Optimization API when AVIF files are used',
111 silly audit report       severity: 'critical',
111 silly audit report       vulnerable_versions: '>=10.0.0 <15.5.24',
111 silly audit report       cwe: [Array],
111 silly audit report       cvss: [Object]
111 silly audit report     }
111 silly audit report   ],
111 silly audit report   postcss: [
111 silly audit report     {
111 silly audit report       id: 1130709,
111 silly audit report       url: 'https://github.com/advisories/GHSA-fxqj-rqcc-2cmp',
111 silly audit report       title: 'PostCSS: incomplete fix of GHSA-6g55-p6wh-862q — attacker-controlled sourceMappingURL reads arbitrary .map files when `from` is unset',
111 silly audit report       severity: 'moderate',
111 silly audit report       vulnerable_versions: '<=8.5.22',
111 silly audit report       cwe: [Array],
111 silly audit report       cvss: [Object]
111 silly audit report     },
111 silly audit report     {
111 silly audit report       id: 1117015,
111 silly audit report       url: 'https://github.com/advisories/GHSA-qx2v-qp2m-jg93',
111 silly audit report       title: 'PostCSS has XSS via Unescaped </style> in its CSS Stringify Output',
111 silly audit report       severity: 'moderate',
111 silly audit report       vulnerable_versions: '<8.5.10',
111 silly audit report       cwe: [Array],
111 silly audit report       cvss: [Object]
111 silly audit report     },
111 silly audit report     {
111 silly audit report       id: 1124252,
111 silly audit report       url: 'https://github.com/advisories/GHSA-6g55-p6wh-862q',
111 silly audit report       title: 'PostCSS: Arbitrary file read and information disclosure via attacker-controlled sourceMappingURL in CSS comments',
111 silly audit report       severity: 'high',
111 silly audit report       vulnerable_versions: '<=8.5.11',
111 silly audit report       cwe: [Array],
111 silly audit report       cvss: [Object]
111 silly audit report     },
111 silly audit report     {
111 silly audit report       id: 1139510,
111 silly audit report       url: 'https://github.com/advisories/GHSA-r28c-9q8g-f849',
111 silly audit report       title: 'PostCSS: Path Traversal in Previous Source Map Auto-Loading (sourceMappingURL) leads to Arbitrary .map File Disclosure',
111 silly audit report       severity: 'high',
111 silly audit report       vulnerable_versions: '<=8.5.17',
111 silly audit report       cwe: [Array],
111 silly audit report       cvss: [Object]
111 silly audit report     }
111 silly audit report   ],
111 silly audit report   sharp: [
111 silly audit report     {
111 silly audit report       id: 1124066,
111 silly audit report       url: 'https://github.com/advisories/GHSA-f88m-g3jw-g9cj',
111 silly audit report       title: 'sharp inherited vulnerabilities in libvips: CVE-2026-33327, CVE-2026-33328, CVE-2026-35590, CVE-2026-35591',
111 silly audit report       severity: 'high',
111 silly audit report       vulnerable_versions: '<0.35.0',
111 silly audit report       cwe: [Array],
111 silly audit report       cvss: [Object]
111 silly audit report     },
111 silly audit report     {
111 silly audit report       id: 1193725,
111 silly audit report       url: 'https://github.com/advisories/GHSA-rgj7-g3m4-5g8c',
111 silly audit report       title: 'sharp: Vulnerabilities in libheif: GHSA-g89c-p67h-r497 and GHSA-2jg2-4ch7-h545',
111 silly audit report       severity: 'high',
111 silly audit report       vulnerable_versions: '<0.35.4',
111 silly audit report       cwe: [Array],
111 silly audit report       cvss: [Object]
111 silly audit report     }
111 silly audit report   ]
111 silly audit report }
112 silly packumentCache corgi:https://registry.npmjs.org/next cache-miss
113 silly packumentCache corgi:https://registry.npmjs.org/postcss cache-miss
114 silly packumentCache corgi:https://registry.npmjs.org/sharp cache-miss
115 http fetch GET 200 https://registry.npmjs.org/sharp 186ms (cache revalidated)
116 silly packumentCache corgi:https://registry.npmjs.org/sharp set size:299310 disposed:false
117 http fetch GET 200 https://registry.npmjs.org/postcss 196ms (cache revalidated)
118 silly packumentCache corgi:https://registry.npmjs.org/postcss set size:357674 disposed:false
119 http fetch GET 200 https://registry.npmjs.org/next 314ms (cache revalidated)
120 silly packumentCache corgi:https://registry.npmjs.org/next set size:25563341 disposed:false
121 verbose cwd /home/user/frontend
122 verbose os Linux 6.1.158+
123 verbose node v20.20.2
124 verbose npm  v10.8.2
125 verbose exit 0
126 info ok
