0 verbose cli /usr/bin/node /usr/bin/npm
1 info using npm@10.8.2
2 info using node@v20.20.2
3 silly config load:file:/usr/lib/node_modules/npm/npmrc
4 silly config load:file:/home/user/frontend/.npmrc
5 silly config load:file:/home/user/.npmrc
6 silly config load:file:/usr/etc/npmrc
7 verbose title npm list @privy-io/react-auth
8 verbose argv "list" "@privy-io/react-auth"
9 verbose logfile logs-max:10 dir:/home/user/.npm/_logs/2026-09-22T19_18_48_495Z-
10 verbose logfile /home/user/.npm/_logs/2026-09-22T19_18_48_495Z-debug-0.log
11 silly packumentCache heap:998768640 maxSize:249692160 maxEntrySize:124846080
12 silly logfile done cleaning log files
13 verbose shrinkwrap failed to load node_modules/.package-lock.json out of date, updated: node_modules
14 verbose cwd /home/user/frontend
15 verbose os Linux 6.1.158+
16 verbose node v20.20.2
17 verbose npm  v10.8.2
18 verbose exit 0
19 info ok
